<html>
<body>
<pre>
<h1>µVision Build Log</h1>
<h2>Project:</h2>
C:\Users\Student\Documents\saaa.uvproj
Project File Date:  11/14/2024

<h2>Output:</h2>
Rebuild target 'Target 1'
assembling Startup.s...
compiling program4.c...
program4.c(48): warning:  #1-D: last line of file ends without a newline
  }
program4.c: 1 warning, 0 errors
linking...
Program Size: Code=800 RO-data=32 RW-data=16 ZI-data=1256  
FromELF: creating hex file...
".\LCDA2.axf" - 0 Error(s), 1 Warning(s).
</pre>
</body>
</html>
